hello world!
true	false	nil	5	asdf
3
2
1
nil
3
2
1
logic still works
n is 5
5
6
7
8
9
last not triggered
triggering last
my s:	local s
my s:	global s
hello world from testfun
hello world from testfun
got arg:	hello
got arg:	nil
got arg:	5
testarg2:	5	4
testarg2:	5	nil
t:	5	15	-20	nil
t2:	5	4	3	nil
nested:	1	4	7	2	5	8	3	6	9
table
1
2
3
-1
-2
-3
aaa	5
1	5
2	4
3	3
